ctx 4096: prefill 12.4s
ctx   4096 stock    T= 1  median   29.26 ms  p10   29.00  p90   29.45
ctx   4096 stock    T= 2  median   32.55 ms  p10   32.29  p90   32.68
ctx   4096 stock    T= 3  median   39.61 ms  p10   39.46  p90   39.69
ctx   4096 stock    T= 4  median   47.04 ms  p10   46.76  p90   47.19
ctx   4096 stock    T= 5  median   56.72 ms  p10   56.33  p90   56.91
ctx   4096 stock    T= 6  median   73.36 ms  p10   72.85  p90   73.83
ctx   4096 stock    T= 7  median   86.55 ms  p10   86.26  p90   86.64
ctx   4096 stock    T= 8  median   87.18 ms  p10   86.41  p90   87.53
ctx   4096 stock    T= 9  median  103.77 ms  p10  102.76  p90  103.93
ctx   4096 stock    T=10  median  104.31 ms  p10  103.89  p90  104.43
ctx   4096 stock    T=12  median  147.86 ms  p10  147.54  p90  148.20
ctx   4096 stock    T=16  median  148.56 ms  p10  147.81  p90  149.08
ctx   4096 fast     T= 5  median   56.87 ms  p10   56.56  p90   57.07
ctx   4096 fast     T= 6  median   64.25 ms  p10   63.61  p90   64.74
ctx   4096 fast     T= 7  median   64.59 ms  p10   63.98  p90   64.72
ctx   4096 fast     T= 8  median   63.21 ms  p10   62.78  p90   63.34
ctx   4096 fastwide T= 8  median   63.19 ms  p10   62.86  p90   63.49
ctx   4096 fastwide T= 9  median   89.93 ms  p10   89.52  p90   90.16
ctx   4096 fastwide T=10  median   89.99 ms  p10   89.72  p90   90.80
ctx   4096 fastwide T=12  median   91.04 ms  p10   90.34  p90   91.36
ctx   4096 fastwide T=16  median   89.90 ms  p10   89.18  p90   90.13
ctx   4096 check T= 6  max |logit diff| 0.2500  argmax same 6/6
ctx   4096 check T= 8  max |logit diff| 0.2500  argmax same 8/8
ctx   4096 check T=12  max |logit diff| 0.2656  argmax same 12/12
ctx   4096 check T=16  max |logit diff| 0.5469  argmax same 16/16
ctx 32768: prefill 111.2s
ctx  32768 stock    T= 1  median   33.52 ms  p10   33.44  p90   33.71
ctx  32768 stock    T= 2  median   39.37 ms  p10   39.21  p90   39.57
ctx  32768 stock    T= 3  median   49.38 ms  p10   48.95  p90   49.53
ctx  32768 stock    T= 4  median   58.40 ms  p10   58.15  p90   58.59
ctx  32768 stock    T= 5  median   69.81 ms  p10   69.59  p90   69.97
ctx  32768 stock    T= 6  median  142.49 ms  p10  142.28  p90  142.83
ctx  32768 stock    T= 7  median  155.87 ms  p10  155.63  p90  156.14
ctx  32768 stock    T= 8  median  157.26 ms  p10  156.91  p90  157.44
ctx  32768 stock    T= 9  median  173.74 ms  p10  173.53  p90  174.08
ctx  32768 stock    T=10  median  174.86 ms  p10  174.64  p90  175.15
ctx  32768 stock    T=12  median  217.88 ms  p10  217.15  p90  218.29
ctx  32768 stock    T=16  median  219.81 ms  p10  218.89  p90  220.26
ctx  32768 fast     T= 5  median   69.91 ms  p10   69.73  p90   70.07
ctx  32768 fast     T= 6  median  133.59 ms  p10  133.44  p90  133.83
ctx  32768 fast     T= 7  median  134.49 ms  p10  134.17  p90  134.68
ctx  32768 fast     T= 8  median  133.60 ms  p10  133.38  p90  134.00
ctx  32768 fastwide T= 8  median  133.81 ms  p10  133.57  p90  134.07
ctx  32768 fastwide T= 9  median  160.74 ms  p10  160.43  p90  161.18
ctx  32768 fastwide T=10  median  161.49 ms  p10  161.27  p90  161.82
ctx  32768 fastwide T=12  median  162.27 ms  p10  161.50  p90  162.59
ctx  32768 fastwide T=16  median  162.12 ms  p10  161.61  p90  162.34
ctx  32768 check T= 6  max |logit diff| 0.2500  argmax same 6/6
ctx  32768 check T= 8  max |logit diff| 0.2500  argmax same 8/8
ctx  32768 check T=12  max |logit diff| 0.4375  argmax same 12/12
ctx  32768 check T=16  max |logit diff| 0.6250  argmax same 16/16
